
> skillrank-ai@1.0.0 build
> next build

  Γû▓ Next.js 14.2.30

   Creating an optimized production build ...
 Γ£ô Compiled successfully
   Linting and checking validity of types ...
   Collecting page data ...
   Generating static pages (0/8) ...
   Generating static pages (2/8) 
   Generating static pages (4/8) 
   Generating static pages (6/8) 
 Γ£ô Generating static pages (8/8)
   Finalizing page optimization ...
   Collecting build traces ...

Route (app)                              Size     First Load JS
Γöî Γùï /                                    7.86 kB         152 kB
Γö£ Γùï /_not-found                          873 B            88 kB
Γö£ ╞Æ /api/evaluate                        0 B                0 B
Γö£ Γùï /auth                                1.94 kB         138 kB
Γö£ ╞Æ /dashboard                           141 B          87.3 kB
Γö£ ╞Æ /dashboard/[role]                    141 B          87.3 kB
Γö£ ╞Æ /dashboard/[role]/[section]          5.8 kB          133 kB
Γöö Γùï /skills                              807 B           142 kB
+ First Load JS shared by all            87.1 kB
  Γö£ chunks/117-7edd7c4679e223f5.js       31.6 kB
  Γö£ chunks/fd9d1056-1225178e105cf676.js  53.6 kB
  Γöö other shared chunks (total)          1.89 kB


Γùï  (Static)   prerendered as static content
╞Æ  (Dynamic)  server-rendered on demand

